// Jest Snapshot v1, https://goo.gl/fbAQLP

exports[`GlobalStyle renders_correctly 1`] = `null`;
