// Jest Snapshot v1, https://goo.gl/fbAQLP

exports[`navigator renders-correctly 1`] = `<navigator />`;
