// Jest Snapshot v1, https://goo.gl/fbAQLP

exports[`SocialBlock renders-correctly 1`] = `
<div
  className="sc-AxjAm fBXSYX"
>
  <p>
    one
  </p>
  <p>
    two
  </p>
</div>
`;
