// Jest Snapshot v1, https://goo.gl/fbAQLP

exports[`tagLine renders-correctly 1`] = `<tagLine />`;
